127.0.0.1 - - [19/Mar/2022:11:40:30 -0300] "GET / HTTP/1.1" 404 763
0:0:0:0:0:0:0:1 - - [19/Mar/2022:11:40:49 -0300] "GET /gerenciador HTTP/1.1" 404 774
0:0:0:0:0:0:0:1 - - [19/Mar/2022:11:40:50 -0300] "GET /favicon.ico HTTP/1.1" 404 774
0:0:0:0:0:0:0:1 - - [19/Mar/2022:11:40:54 -0300] "GET /gerenciador/oi HTTP/1.1" 404 781
0:0:0:0:0:0:0:1 - - [19/Mar/2022:11:41:07 -0300] "GET /gerenciador/bem-vindo.html HTTP/1.1" 404 793
0:0:0:0:0:0:0:1 - - [19/Mar/2022:11:42:41 -0300] "GET /gerenciador/formNovaEmpresa.html HTTP/1.1" 404 799
0:0:0:0:0:0:0:1 - - [19/Mar/2022:11:44:37 -0300] "GET /gerenciador/formNovaEmpresa.html HTTP/1.1" 404 799
0:0:0:0:0:0:0:1 - - [19/Mar/2022:11:44:39 -0300] "GET /gerenciador/formNovaEmpresa.html HTTP/1.1" 404 799
127.0.0.1 - - [19/Mar/2022:11:44:48 -0300] "GET / HTTP/1.1" 404 763
0:0:0:0:0:0:0:1 - - [19/Mar/2022:11:45:00 -0300] "GET /gerenciador/formNovaEmpresa.html HTTP/1.1" 200 277
0:0:0:0:0:0:0:1 - - [19/Mar/2022:11:45:05 -0300] "POST /gerenciador/novaEmpresa HTTP/1.1" 404 790
0:0:0:0:0:0:0:1 - - [19/Mar/2022:11:45:19 -0300] "GET /gerenciador/bem-vindo.html HTTP/1.1" 200 75
0:0:0:0:0:0:0:1 - - [19/Mar/2022:11:50:54 -0300] "GET /gerenciador/bem-vindo.html HTTP/1.1" 304 -
0:0:0:0:0:0:0:1 - - [19/Mar/2022:11:51:31 -0300] "GET /gerenciador/oi HTTP/1.1" 404 781
127.0.0.1 - - [19/Mar/2022:11:52:03 -0300] "GET / HTTP/1.1" 404 763
0:0:0:0:0:0:0:1 - - [19/Mar/2022:11:52:05 -0300] "GET /gerenciador/oi HTTP/1.1" 200 87
0:0:0:0:0:0:0:1 - - [19/Mar/2022:11:52:26 -0300] "GET /gerenciador/NovaEmpresaServlet HTTP/1.1" 404 797
0:0:0:0:0:0:0:1 - - [19/Mar/2022:11:53:15 -0300] "GET /gerenciador/NovaEmpresa HTTP/1.1" 404 790
0:0:0:0:0:0:0:1 - - [19/Mar/2022:11:53:24 -0300] "GET /gerenciador/novaEmpresa HTTP/1.1" 405 751
127.0.0.1 - - [19/Mar/2022:11:54:57 -0300] "GET / HTTP/1.1" 404 763
0:0:0:0:0:0:0:1 - - [19/Mar/2022:11:54:59 -0300] "GET /gerenciador/novaEmpresa HTTP/1.1" 405 751
0:0:0:0:0:0:0:1 - - [19/Mar/2022:11:56:00 -0300] "GET /gerenciador/formNovaEmpresa HTTP/1.1" 404 794
0:0:0:0:0:0:0:1 - - [19/Mar/2022:11:56:11 -0300] "POST /gerenciador/novaEmpresa HTTP/1.1" 200 74
127.0.0.1 - - [19/Mar/2022:12:07:28 -0300] "GET / HTTP/1.1" 404 763
0:0:0:0:0:0:0:1 - - [19/Mar/2022:12:07:48 -0300] "GET /gerenciador/formNovaEmpresa HTTP/1.1" 404 794
0:0:0:0:0:0:0:1 - - [19/Mar/2022:12:07:54 -0300] "GET /gerenciador/formNovaEmpresa.html HTTP/1.1" 304 -
0:0:0:0:0:0:0:1 - - [19/Mar/2022:12:08:01 -0300] "POST /gerenciador/novaEmpresa HTTP/1.1" 200 66
127.0.0.1 - - [19/Mar/2022:12:17:48 -0300] "GET / HTTP/1.1" 404 763
0:0:0:0:0:0:0:1 - - [19/Mar/2022:12:18:39 -0300] "POST /gerenciador/novaEmpresa HTTP/1.1" 200 66
0:0:0:0:0:0:0:1 - - [19/Mar/2022:12:18:47 -0300] "GET /gerenciador/novaEmpresa.html HTTP/1.1" 404 795
127.0.0.1 - - [19/Mar/2022:12:19:10 -0300] "GET / HTTP/1.1" 404 763
0:0:0:0:0:0:0:1 - - [19/Mar/2022:12:19:14 -0300] "GET /gerenciador/novaEmpresa HTTP/1.1" 405 751
0:0:0:0:0:0:0:1 - - [19/Mar/2022:12:19:47 -0300] "POST /gerenciador/novaEmpresa HTTP/1.1" 200 66
0:0:0:0:0:0:0:1 - - [19/Mar/2022:12:19:54 -0300] "POST /gerenciador/novaEmpresa HTTP/1.1" 200 66
0:0:0:0:0:0:0:1 - - [19/Mar/2022:12:20:00 -0300] "POST /gerenciador/novaEmpresa HTTP/1.1" 200 68
0:0:0:0:0:0:0:1 - - [19/Mar/2022:12:20:15 -0300] "GET /gerenciador/listaEmpresas HTTP/1.1" 200 96
0:0:0:0:0:0:0:1 - - [19/Mar/2022:12:27:13 -0300] "GET /gerenciador/listaEmpresas HTTP/1.1" 200 76
0:0:0:0:0:0:0:1 - - [19/Mar/2022:12:27:33 -0300] "POST /gerenciador/novaEmpresa HTTP/1.1" 200 66
0:0:0:0:0:0:0:1 - - [19/Mar/2022:12:27:38 -0300] "GET /gerenciador/listaEmpresas HTTP/1.1" 200 93
0:0:0:0:0:0:0:1 - - [19/Mar/2022:12:52:11 -0300] "GET /gerenciador/novaEmpresaCriada.jsp HTTP/1.1" 200 91
0:0:0:0:0:0:0:1 - - [19/Mar/2022:12:52:53 -0300] "GET /gerenciador/novaEmpresaCriada.jsp HTTP/1.1" 200 89
127.0.0.1 - - [19/Mar/2022:14:26:30 -0300] "GET / HTTP/1.1" 404 763
0:0:0:0:0:0:0:1 - - [19/Mar/2022:14:26:33 -0300] "GET /gerenciador/novaEmpresaCriada.jsp HTTP/1.1" 200 89
0:0:0:0:0:0:0:1 - - [19/Mar/2022:14:26:53 -0300] "POST /gerenciador/novaEmpresa HTTP/1.1" 200 89
0:0:0:0:0:0:0:1 - - [19/Mar/2022:14:28:24 -0300] "POST /gerenciador/novaEmpresa HTTP/1.1" 200 86
0:0:0:0:0:0:0:1 - - [19/Mar/2022:14:33:52 -0300] "POST /gerenciador/novaEmpresa HTTP/1.1" 200 95
127.0.0.1 - - [19/Mar/2022:14:34:05 -0300] "GET / HTTP/1.1" 404 763
0:0:0:0:0:0:0:1 - - [19/Mar/2022:14:34:07 -0300] "POST /gerenciador/novaEmpresa HTTP/1.1" 200 95
0:0:0:0:0:0:0:1 - - [19/Mar/2022:14:34:22 -0300] "POST /gerenciador/novaEmpresa HTTP/1.1" 200 92
127.0.0.1 - - [19/Mar/2022:14:58:48 -0300] "GET / HTTP/1.1" 404 763
0:0:0:0:0:0:0:1 - - [19/Mar/2022:14:58:52 -0300] "POST /gerenciador/novaEmpresa HTTP/1.1" 200 90
0:0:0:0:0:0:0:1 - - [19/Mar/2022:14:59:05 -0300] "GET /gerenciador/novaEmpresaCriada.jsp HTTP/1.1" 200 88
0:0:0:0:0:0:0:1 - - [19/Mar/2022:14:59:20 -0300] "GET /gerenciador/listaEmpresas HTTP/1.1" 200 280
127.0.0.1 - - [19/Mar/2022:16:49:58 -0300] "GET / HTTP/1.1" 404 763
0:0:0:0:0:0:0:1 - - [19/Mar/2022:16:50:19 -0300] "POST /gerenciador/novaEmpresa HTTP/1.1" 200 92
127.0.0.1 - - [19/Mar/2022:17:05:43 -0300] "GET / HTTP/1.1" 404 763
0:0:0:0:0:0:0:1 - - [19/Mar/2022:17:05:55 -0300] "POST /gerenciador/novaEmpresa HTTP/1.1" 200 88
0:0:0:0:0:0:0:1 - - [19/Mar/2022:17:06:08 -0300] "GET /gerenciador/listaEmpresa HTTP/1.1" 404 791
0:0:0:0:0:0:0:1 - - [19/Mar/2022:17:06:18 -0300] "GET /gerenciador/listaEmpresas HTTP/1.1" 200 261
0:0:0:0:0:0:0:1 - - [19/Mar/2022:17:32:23 -0300] "POST /gerenciador/novaEmpresa HTTP/1.1" 200 107
0:0:0:0:0:0:0:1 - - [19/Mar/2022:17:32:27 -0300] "POST /gerenciador/novaEmpresa HTTP/1.1" 200 107
127.0.0.1 - - [19/Mar/2022:17:32:42 -0300] "GET / HTTP/1.1" 404 763
0:0:0:0:0:0:0:1 - - [19/Mar/2022:17:32:45 -0300] "POST /gerenciador/novaEmpresa HTTP/1.1" 200 107
0:0:0:0:0:0:0:1 - - [19/Mar/2022:17:32:48 -0300] "POST /gerenciador/novaEmpresa HTTP/1.1" 200 107
0:0:0:0:0:0:0:1 - - [19/Mar/2022:17:32:49 -0300] "GET /gerenciador/novaEmpresa HTTP/1.1" 405 751
0:0:0:0:0:0:0:1 - - [19/Mar/2022:17:33:03 -0300] "GET /gerenciador/novaEmpresaCriada.jsp HTTP/1.1" 200 96
127.0.0.1 - - [19/Mar/2022:17:37:44 -0300] "GET / HTTP/1.1" 404 763
0:0:0:0:0:0:0:1 - - [19/Mar/2022:17:37:56 -0300] "GET /gerenciador/testeJsp.jsp HTTP/1.1" 200 165
0:0:0:0:0:0:0:1 - - [19/Mar/2022:17:40:03 -0300] "GET /gerenciador/formNovaEmpresa.html HTTP/1.1" 404 799
0:0:0:0:0:0:0:1 - - [19/Mar/2022:17:48:21 -0300] "GET /gerenciador/formNovaEmpresa.html HTTP/1.1" 404 799
0:0:0:0:0:0:0:1 - - [19/Mar/2022:17:48:30 -0300] "GET /gerenciador/formNovaEmpresa.jsp HTTP/1.1" 200 347
0:0:0:0:0:0:0:1 - - [19/Mar/2022:17:48:46 -0300] "POST /gerenciador/novaEmpresa HTTP/1.1" 200 107
0:0:0:0:0:0:0:1 - - [19/Mar/2022:17:59:22 -0300] "GET /gerenciador/formNovaEmpresa.jsp HTTP/1.1" 200 347
0:0:0:0:0:0:0:1 - - [19/Mar/2022:17:59:29 -0300] "POST /gerenciador/novaEmpresa HTTP/1.1" 200 107
0:0:0:0:0:0:0:1 - - [19/Mar/2022:17:59:34 -0300] "GET /gerenciador/listaEmpresas HTTP/1.1" 200 299
0:0:0:0:0:0:0:1 - - [19/Mar/2022:18:04:29 -0300] "GET /gerenciador/listaEmpresas HTTP/1.1" 200 277
0:0:0:0:0:0:0:1 - - [19/Mar/2022:18:16:22 -0300] "POST /gerenciador/novaEmpresa HTTP/1.1" 200 319
0:0:0:0:0:0:0:1 - - [19/Mar/2022:18:20:48 -0300] "POST /gerenciador/novaEmpresa HTTP/1.1" 200 361
127.0.0.1 - - [19/Mar/2022:18:24:51 -0300] "GET / HTTP/1.1" 404 763
0:0:0:0:0:0:0:1 - - [19/Mar/2022:18:24:53 -0300] "POST /gerenciador/novaEmpresa HTTP/1.1" 302 -
0:0:0:0:0:0:0:1 - - [19/Mar/2022:18:24:54 -0300] "GET /gerenciador/listaEmpresas HTTP/1.1" 200 319
0:0:0:0:0:0:0:1 - - [19/Mar/2022:18:24:57 -0300] "POST /gerenciador/novaEmpresa HTTP/1.1" 302 -
0:0:0:0:0:0:0:1 - - [19/Mar/2022:18:24:57 -0300] "GET /gerenciador/listaEmpresas HTTP/1.1" 200 361
0:0:0:0:0:0:0:1 - - [19/Mar/2022:18:25:00 -0300] "GET /gerenciador/listaEmpresas HTTP/1.1" 200 361
0:0:0:0:0:0:0:1 - - [19/Mar/2022:18:25:01 -0300] "GET /gerenciador/listaEmpresas HTTP/1.1" 200 361
0:0:0:0:0:0:0:1 - - [19/Mar/2022:18:25:02 -0300] "GET /gerenciador/listaEmpresas HTTP/1.1" 200 361
0:0:0:0:0:0:0:1 - - [19/Mar/2022:19:00:36 -0300] "POST /gerenciador/novaEmpresa HTTP/1.1" 302 -
0:0:0:0:0:0:0:1 - - [19/Mar/2022:19:00:36 -0300] "GET /gerenciador/listaEmpresas HTTP/1.1" 200 405
0:0:0:0:0:0:0:1 - - [19/Mar/2022:19:01:09 -0300] "POST /gerenciador/novaEmpresa HTTP/1.1" 302 -
0:0:0:0:0:0:0:1 - - [19/Mar/2022:19:01:09 -0300] "GET /gerenciador/listaEmpresas HTTP/1.1" 200 450
0:0:0:0:0:0:0:1 - - [19/Mar/2022:20:13:42 -0300] "GET /gerenciador/listaEmpresas HTTP/1.1" 500 2937
0:0:0:0:0:0:0:1 - - [19/Mar/2022:20:13:47 -0300] "GET /gerenciador/listaEmpresas.jsp HTTP/1.1" 500 2707
0:0:0:0:0:0:0:1 - - [19/Mar/2022:20:14:09 -0300] "GET /gerenciador/listaEmpresas HTTP/1.1" 500 2937
127.0.0.1 - - [19/Mar/2022:20:14:20 -0300] "GET / HTTP/1.1" 404 763
0:0:0:0:0:0:0:1 - - [19/Mar/2022:20:14:23 -0300] "GET /gerenciador/listaEmpresas HTTP/1.1" 500 2937
0:0:0:0:0:0:0:1 - - [19/Mar/2022:20:14:25 -0300] "GET /gerenciador/listaEmpresas HTTP/1.1" 500 3550
0:0:0:0:0:0:0:1 - - [19/Mar/2022:20:16:08 -0300] "GET /gerenciador/listaEmpresas HTTP/1.1" 200 417
0:0:0:0:0:0:0:1 - - [19/Mar/2022:20:16:12 -0300] "GET /gerenciador/removeEmpresa HTTP/1.1" 404 792
0:0:0:0:0:0:0:1 - - [19/Mar/2022:20:16:14 -0300] "GET /gerenciador/removeEmpresa HTTP/1.1" 404 792
0:0:0:0:0:0:0:1 - - [19/Mar/2022:20:18:08 -0300] "GET /gerenciador/listaEmpresas HTTP/1.1" 200 417
0:0:0:0:0:0:0:1 - - [19/Mar/2022:20:18:10 -0300] "GET /gerenciador/removeEmpresa HTTP/1.1" 404 792
127.0.0.1 - - [19/Mar/2022:20:18:19 -0300] "GET / HTTP/1.1" 404 763
0:0:0:0:0:0:0:1 - - [19/Mar/2022:20:18:21 -0300] "GET /gerenciador/listaEmpresas HTTP/1.1" 200 417
0:0:0:0:0:0:0:1 - - [19/Mar/2022:20:18:23 -0300] "GET /gerenciador/removeEmpresa HTTP/1.1" 200 23
0:0:0:0:0:0:0:1 - - [19/Mar/2022:20:23:58 -0300] "GET /gerenciador/removeEmpresa HTTP/1.1" 200 23
0:0:0:0:0:0:0:1 - - [19/Mar/2022:20:24:01 -0300] "GET /gerenciador/removeEmpresa HTTP/1.1" 200 23
127.0.0.1 - - [19/Mar/2022:20:24:27 -0300] "GET / HTTP/1.1" 404 763
0:0:0:0:0:0:0:1 - - [19/Mar/2022:20:24:36 -0300] "GET /gerenciador/listaEmpresas HTTP/1.1" 500 4743
127.0.0.1 - - [19/Mar/2022:20:25:15 -0300] "GET / HTTP/1.1" 404 763
0:0:0:0:0:0:0:1 - - [19/Mar/2022:20:25:17 -0300] "GET /gerenciador/listaEmpresas HTTP/1.1" 500 4743
127.0.0.1 - - [19/Mar/2022:20:27:05 -0300] "GET / HTTP/1.1" 404 763
0:0:0:0:0:0:0:1 - - [19/Mar/2022:20:27:08 -0300] "GET /gerenciador/listaEmpresas HTTP/1.1" 500 4743
0:0:0:0:0:0:0:1 - - [19/Mar/2022:20:27:15 -0300] "GET /gerenciador/listaEmpresas HTTP/1.1" 500 4743
127.0.0.1 - - [19/Mar/2022:20:32:33 -0300] "GET / HTTP/1.1" 404 763
0:0:0:0:0:0:0:1 - - [19/Mar/2022:20:32:46 -0300] "GET /gerenciador/listaEmpresas HTTP/1.1" 500 4743
0:0:0:0:0:0:0:1 - - [19/Mar/2022:20:32:51 -0300] "GET /gerenciador/listaEmpresas HTTP/1.1" 500 4743
127.0.0.1 - - [19/Mar/2022:21:10:06 -0300] "GET / HTTP/1.1" 404 763
0:0:0:0:0:0:0:1 - - [19/Mar/2022:21:10:10 -0300] "GET /gerenciador/listaEmpresas HTTP/1.1" 500 4743
0:0:0:0:0:0:0:1 - - [19/Mar/2022:21:10:23 -0300] "GET /gerenciador/formNovaEmpresa.html HTTP/1.1" 404 799
0:0:0:0:0:0:0:1 - - [19/Mar/2022:21:10:32 -0300] "GET /gerenciador/formNovaEmpresa.jsp HTTP/1.1" 200 347
0:0:0:0:0:0:0:1 - - [19/Mar/2022:21:10:39 -0300] "POST /gerenciador/novaEmpresa HTTP/1.1" 302 -
0:0:0:0:0:0:0:1 - - [19/Mar/2022:21:10:39 -0300] "GET /gerenciador/listaEmpresas HTTP/1.1" 500 4743
127.0.0.1 - - [19/Mar/2022:21:13:25 -0300] "GET / HTTP/1.1" 404 763
0:0:0:0:0:0:0:1 - - [19/Mar/2022:21:13:29 -0300] "GET /gerenciador/listaEmpresas HTTP/1.1" 500 4743
0:0:0:0:0:0:0:1 - - [19/Mar/2022:21:13:40 -0300] "GET /gerenciador/listaEmpresas HTTP/1.1" 500 4743
127.0.0.1 - - [19/Mar/2022:21:20:36 -0300] "GET / HTTP/1.1" 404 763
0:0:0:0:0:0:0:1 - - [19/Mar/2022:21:20:41 -0300] "GET /gerenciador/listaEmpresas HTTP/1.1" 500 4743
127.0.0.1 - - [19/Mar/2022:21:57:55 -0300] "GET / HTTP/1.1" 404 763
0:0:0:0:0:0:0:1 - - [19/Mar/2022:21:58:10 -0300] "GET /gerenciador/formNovaEmpresa.html HTTP/1.1" 404 799
0:0:0:0:0:0:0:1 - - [19/Mar/2022:21:58:17 -0300] "GET /gerenciador/formNovaEmpresa.jsp HTTP/1.1" 200 347
0:0:0:0:0:0:0:1 - - [19/Mar/2022:21:58:31 -0300] "POST /gerenciador/novaEmpresa HTTP/1.1" 302 -
0:0:0:0:0:0:0:1 - - [19/Mar/2022:21:58:32 -0300] "GET /gerenciador/listaEmpresas HTTP/1.1" 500 4743
127.0.0.1 - - [19/Mar/2022:22:12:32 -0300] "GET / HTTP/1.1" 404 763
0:0:0:0:0:0:0:1 - - [19/Mar/2022:22:12:35 -0300] "GET /gerenciador/listaEmpresas HTTP/1.1" 200 535
0:0:0:0:0:0:0:1 - - [19/Mar/2022:22:12:42 -0300] "GET /gerenciador/mostraEmpresa?id=2 HTTP/1.1" 200 427
0:0:0:0:0:0:0:1 - - [19/Mar/2022:22:12:53 -0300] "POST /gerenciador/alteraEmpresa HTTP/1.1" 302 -
0:0:0:0:0:0:0:1 - - [19/Mar/2022:22:12:53 -0300] "GET /gerenciador/listaEmpresas HTTP/1.1" 200 535
0:0:0:0:0:0:0:1 - - [19/Mar/2022:22:12:55 -0300] "GET /gerenciador/removeEmpresa?id=2 HTTP/1.1" 302 -
0:0:0:0:0:0:0:1 - - [19/Mar/2022:22:12:55 -0300] "GET /gerenciador/listaEmpresas HTTP/1.1" 200 368
0:0:0:0:0:0:0:1 - - [19/Mar/2022:22:13:00 -0300] "GET /gerenciador/listaEmpresas HTTP/1.1" 200 368
0:0:0:0:0:0:0:1 - - [19/Mar/2022:22:19:02 -0300] "GET /gerenciador/listaEmpresas HTTP/1.1" 200 368
127.0.0.1 - - [19/Mar/2022:22:22:53 -0300] "GET / HTTP/1.1" 404 763
0:0:0:0:0:0:0:1 - - [19/Mar/2022:22:23:07 -0300] "GET /gerenciador HTTP/1.1" 302 -
0:0:0:0:0:0:0:1 - - [19/Mar/2022:22:23:07 -0300] "GET /gerenciador/ HTTP/1.1" 200 75
127.0.0.1 - - [19/Mar/2022:23:14:24 -0300] "GET / HTTP/1.1" 404 763
0:0:0:0:0:0:0:1 - - [19/Mar/2022:23:14:27 -0300] "GET /gerenciador/listaEmpresas HTTP/1.1" 200 535
